// Jest Snapshot v1, https://goo.gl/fbAQLP

exports[`CountryCard matches the snapshot 1`] = `
<div>
  <div
    class="flex flex-col bg-white rounded pb-4"
  >
    <a
      class="md:w-[200px] sm:w-[133px] flex flex-col gap-2"
      href="/country/FR"
    >
      <div
        class="relative w-full md:h-[150px] sm:h-[100px]"
      >
        <img
          alt="France"
          class="relative z-10 rounded-tl rounded-tr"
          data-nimg="1"
          decoding="async"
          height="150"
          loading="lazy"
          src="/flags/fr.svg"
          style="color: transparent;"
          width="200"
        />
        <div
          class="absolute inset-0 bg-gradient-to-t from-black/25 to-transparent z-20"
        />
      </div>
      <p
        class="text-wrap px-4 font-semibold line-clamp-2 h-12"
      >
        France
      </p>
    </a>
    <label
      class="flex items-center mx-4 mt-2"
    >
      <input
        class="h-6 w-6 text-[#1d1d1f] rounded border-gray-300"
        type="checkbox"
      />
      <span
        class="ml-2 text-sm font-medium text-[#1d1d1f]"
      >
        Compare
      </span>
    </label>
  </div>
</div>
`;
